v2.0 raw
20
05
21
05
81
60
86
21
05
CF
